﻿
> build
> vite build

[36mvite v7.3.1 [32mbuilding client environment for production...[36m[39m
transforming...
[32mÔ£ô[39m 17 modules transformed.
node.exe : 
[31mÔ£ù[39m Build 
failed in 739ms
En línea: 1 Carácter: 1
+ & "C:\Program 
Files\nodejs/node.exe" 
"C:\Users\Usuario\AppDa
ta\Roamin ...
+ ~~~~~~~~~~~~~~~~~~~~~
~~~~~~~~~~~~~~~~~~~~~~~
~~~~~~~~~~~~~~~~~~~~~~~
~~
    + CategoryInfo     
         : NotSpecifi  
  ed: ([31mÔ£ù[39m   
  Build failed in 7    
39ms:String) [], R    
emoteException
    + FullyQualifiedEr 
   rorId : NativeComm  
  andError
 
[31merror during 
build:
[31m[vite:vue] 
[plugin vite:vue] resou
rces/js/pages/Reservaci
ones.vue (15:5): 
Element is missing end 
tag.[31m
file: [36mC:/Users/Usu
ario/Documents/GitHub/S
AKURA-SYSTEM/resources/
js/pages/Reservaciones.
vue:15:5[31m
SyntaxError: [plugin 
vite:vue] resources/js/
pages/Reservaciones.vue
 (15:5): Element is 
missing end tag.
    at 
createCompilerError (C:
\Users\Usuario\Document
s\GitHub\SAKURA-SYSTEM\
node_modules\@vue\compi
ler-core\dist\compiler-
core.cjs.prod.js:1374:1
7)
    at emitError (C:\Us
ers\Usuario\Documents\G
itHub\SAKURA-SYSTEM\nod
e_modules\@vue\compiler
-core\dist\compiler-cor
e.cjs.prod.js:2980:5)
    at 
Object.onclosetag (C:\U
sers\Usuario\Documents\
GitHub\SAKURA-SYSTEM\no
de_modules\@vue\compile
r-core\dist\compiler-co
re.cjs.prod.js:2377:13)
    at Tokenizer.stateI
nClosingTagName (C:\Use
rs\Usuario\Documents\Gi
tHub\SAKURA-SYSTEM\node
_modules\@vue\compiler-
core\dist\compiler-core
.cjs.prod.js:799:16)
    at Tokenizer.parse 
(C:\Users\Usuario\Docum
ents\GitHub\SAKURA-SYST
EM\node_modules\@vue\co
mpiler-core\dist\compil
er-core.cjs.prod.js:115
7:16)
    at 
Object.baseParse (C:\Us
ers\Usuario\Documents\G
itHub\SAKURA-SYSTEM\nod
e_modules\@vue\compiler
-core\dist\compiler-cor
e.cjs.prod.js:3012:13)
    at Object.parse (C:
\Users\Usuario\Document
s\GitHub\SAKURA-SYSTEM\
node_modules\@vue\compi
ler-dom\dist\compiler-d
om.cjs.prod.js:665:23)
    at Object.parse$1 
[as parse] (C:\Users\Us
uario\Documents\GitHub\
SAKURA-SYSTEM\node_modu
les\@vue\compiler-sfc\d
ist\compiler-sfc.cjs.js
:1824:24)
    at 
createDescriptor (file:
///C:/Users/Usuario/Doc
uments/GitHub/SAKURA-SY
STEM/node_modules/@vite
js/plugin-vue/dist/inde
x.mjs:54:42)
    at transformMain (f
ile:///C:/Users/Usuario
/Documents/GitHub/SAKUR
A-SYSTEM/node_modules/@
vitejs/plugin-vue/dist/
index.mjs:1319:33)[39m
